15:12:06 **** Incremental Build of configuration Debug for project Final_Project_App ****
make all 
make --no-print-directory pre-build
a9-linaro-pre-build-step
 
make --no-print-directory main-build
Building file: ../src/zynq_ps_main_c.c
Invoking: ARM v7 gcc compiler
arm-none-eabi-gcc -Wall -O0 -g3 -c -fmessage-length=0 -MT"src/zynq_ps_main_c.o" -mcpu=cortex-a9 -mfpu=vfpv3 -mfloat-abi=hard -I/home/rgalmazar/Documents/ECE520/FinalProject/520-Final-Project/software/Final_Project_Platform/export/Final_Project_Platform/sw/Final_Project_Platform/standalone_domain/bspinclude/include -MMD -MP -MF"src/zynq_ps_main_c.d" -MT"src/zynq_ps_main_c.o" -o "src/zynq_ps_main_c.o" "../src/zynq_ps_main_c.c"
../src/zynq_ps_main_c.c: In function 'DemoRun':
../src/zynq_ps_main_c.c:69:5: warning: unused variable 'ID' [-Wunused-variable]
   69 |  u8 ID, buf[1];
      |     ^~
Finished building: ../src/zynq_ps_main_c.c
 
Building target: Final_Project_App.elf
Invoking: ARM v7 gcc linker
arm-none-eabi-gcc -mcpu=cortex-a9 -mfpu=vfpv3 -mfloat-abi=hard -Wl,-build-id=none -specs=Xilinx.spec -Wl,-T -Wl,../src/lscript.ld -L/home/rgalmazar/Documents/ECE520/FinalProject/520-Final-Project/software/Final_Project_Platform/export/Final_Project_Platform/sw/Final_Project_Platform/standalone_domain/bsplib/lib -o "Final_Project_App.elf"  ./src/zynq_ps_main_c.o   -Wl,--start-group,-lxil,-lgcc,-lc,--end-group
Finished building target: Final_Project_App.elf
 
Invoking: ARM v7 Print Size
arm-none-eabi-size Final_Project_App.elf  |tee "Final_Project_App.elf.size"
   text	   data	    bss	    dec	    hex	filename
  29914	   1176	  22760	  53850	   d25a	Final_Project_App.elf
Finished building: Final_Project_App.elf.size
 

15:12:07 Build Finished (took 426ms)

