#-----------------------------------------------------------
# Vivado v2021.2 (64-bit)
# SW Build 3367213 on Tue Oct 19 02:47:39 MDT 2021
# IP Build 3369179 on Thu Oct 21 08:25:16 MDT 2021
# Start of session at: Sat May  7 13:37:01 2022
# Process ID: 13474
# Current directory: /home/rgalmazar/Documents/ECE520/FinalProject/520-Final-Project/hardware/Final_Project/Final_Project.runs/Final_Project_BD_PmodCOLOR_0_2_synth_1
# Command line: vivado -log Final_Project_BD_PmodCOLOR_0_2.vds -product Vivado -mode batch -messageDb vivado.pb -notrace -source Final_Project_BD_PmodCOLOR_0_2.tcl
# Log file: /home/rgalmazar/Documents/ECE520/FinalProject/520-Final-Project/hardware/Final_Project/Final_Project.runs/Final_Project_BD_PmodCOLOR_0_2_synth_1/Final_Project_BD_PmodCOLOR_0_2.vds
# Journal file: /home/rgalmazar/Documents/ECE520/FinalProject/520-Final-Project/hardware/Final_Project/Final_Project.runs/Final_Project_BD_PmodCOLOR_0_2_synth_1/vivado.jou
# Running On: raf-ThinkPad, OS: Linux, CPU Frequency: 3325.936 MHz, CPU Physical cores: 16, Host memory: 32843 MB
#-----------------------------------------------------------
source Final_Project_BD_PmodCOLOR_0_2.tcl -notrace
